MPLINK 4.49, Linker
Linker Map File - Created Wed Jul 22 13:20:50 2015

                                 Section Info
                  Section       Type    Address   Location Size(Bytes)
                ---------  ---------  ---------  ---------  ---------
                   .org_0       code   0x000000    program   0x000000
                   .org_1       code   0x000000    program   0x00006a
      .config_2007_P2_1.O       code   0x002007    program   0x000002



                              Program Memory Usage 
                               Start         End      
                           ---------   ---------      
                            0x000000    0x000034      
                            0x002007    0x002007      
            54 out of 1094 program addresses used, program memory utilization is 4%



                              Symbols - Sorted by Name
                     Name    Address   Location    Storage File                     
                ---------  ---------  ---------  --------- ---------                
                    DELAY   0x000028    program     static C:\Documents and Settings\Sales\Desktop\PIC16F84A DIY PR2-A\Source File\P2_1.asm
                    START   0x000009    program     static C:\Documents and Settings\Sales\Desktop\PIC16F84A DIY PR2-A\Source File\P2_1.asm
                     main   0x000001    program     static C:\Documents and Settings\Sales\Desktop\PIC16F84A DIY PR2-A\Source File\P2_1.asm



                              Symbols - Sorted by Address
                     Name    Address   Location    Storage File                     
                ---------  ---------  ---------  --------- ---------                
                     main   0x000001    program     static C:\Documents and Settings\Sales\Desktop\PIC16F84A DIY PR2-A\Source File\P2_1.asm
                    START   0x000009    program     static C:\Documents and Settings\Sales\Desktop\PIC16F84A DIY PR2-A\Source File\P2_1.asm
                    DELAY   0x000028    program     static C:\Documents and Settings\Sales\Desktop\PIC16F84A DIY PR2-A\Source File\P2_1.asm


