MPLINK 4.50, Linker
Linker Map File - Created Wed Jul 22 13:19:06 2015

                                 Section Info
                  Section       Type    Address   Location Size(Bytes)
                ---------  ---------  ---------  ---------  ---------
                   .org_0       code   0x000000    program   0x00006a
                   .cinit    romdata   0x000035    program   0x000004
.config_2007_BUILD/DEFAULT/PRODUCTION/_EXT/11       code   0x002007    program   0x000002



                              Program Memory Usage 
                               Start         End      
                           ---------   ---------      
                            0x000000    0x000036      
                            0x002007    0x002007      
            56 out of 1094 program addresses used, program memory utilization is 5%



                              Symbols - Sorted by Name
                     Name    Address   Location    Storage File                     
                ---------  ---------  ---------  --------- ---------                
                    DELAY   0x000028    program     static ..\..\Source File\P2_1.asm
                    START   0x000009    program     static ..\..\Source File\P2_1.asm
             _.org_0_002F   0x00002f    program     static ..\..\Source File\P2_1.asm
             _.org_0_0031   0x000031    program     static ..\..\Source File\P2_1.asm
             _.org_0_0033   0x000033    program     static ..\..\Source File\P2_1.asm
                     main   0x000001    program     static ..\..\Source File\P2_1.asm



                              Symbols - Sorted by Address
                     Name    Address   Location    Storage File                     
                ---------  ---------  ---------  --------- ---------                
                     main   0x000001    program     static ..\..\Source File\P2_1.asm
                    START   0x000009    program     static ..\..\Source File\P2_1.asm
                    DELAY   0x000028    program     static ..\..\Source File\P2_1.asm
             _.org_0_002F   0x00002f    program     static ..\..\Source File\P2_1.asm
             _.org_0_0031   0x000031    program     static ..\..\Source File\P2_1.asm
             _.org_0_0033   0x000033    program     static ..\..\Source File\P2_1.asm


